<?xml version="1.0" encoding="UTF-8"?>
<TestRun id="6a64d22e-cf72-45ad-993f-c307e6178361" name="Bishan.MEghani@TRNLON11718 2017-01-06 12:33:49" runUser="FDMGROUP\Bishan.MEghani" xmlns="http://microsoft.com/schemas/VisualStudio/TeamTest/2010">
  <TestSettings name="Default Test Settings" id="89ba891a-bf81-4903-bbc2-16e33cb5bd8e">
    <Execution>
      <TestTypeSpecific />
      <AgentRule name="Execution Agents">
      </AgentRule>
    </Execution>
    <Deployment runDeploymentRoot="Bishan.MEghani_TRNLON11718 2017-01-06 12_33_49" />
    <Properties />
  </TestSettings>
  <Times creation="2017-01-06T12:33:49.5235862+00:00" queuing="2017-01-06T12:33:52.4005862+00:00" start="2017-01-06T12:33:52.6805862+00:00" finish="2017-01-06T12:33:53.4105862+00:00" />
  <ResultSummary outcome="Completed">
    <Counters total="1" executed="1" passed="1" error="0" failed="0" timeout="0" aborted="0" inconclusive="0" passedButRunAborted="0" notRunnable="0" notExecuted="0" disconnected="0" warning="0" completed="0" inProgress="0" pending="0" />
  </ResultSummary>
  <TestDefinitions>
    <UnitTest name="TestMethod" storage="tests\bin\debug\tests.dll" id="5ff9e33a-afed-6760-fc84-29986a519b00">
      <Execution id="4410d185-b176-4f90-9944-9566dc5b1c87" />
      <TestMethod codeBase="C:/Users/Bishan.MEghani/Desktop/CodeCoverage/Tests/bin/debug/Tests.DLL" adapterTypeName="Microsoft.VisualStudio.TestTools.TestTypes.Unit.UnitTestAdapter, Microsoft.VisualStudio.QualityTools.Tips.UnitTest.Adapter, Version=12.0.0.0, Culture=neutral, PublicKeyToken=b03f5f7f11d50a3a" className="Tests.Tests, Tests, Version=1.0.0.0, Culture=neutral, PublicKeyToken=null" name="TestMethod" />
    </UnitTest>
  </TestDefinitions>
  <TestLists>
    <TestList name="Results Not in a List" id="8c84fa94-04c1-424b-9868-57a2d4851a1d" />
    <TestList name="All Loaded Results" id="19431567-8539-422a-85d7-44ee4e166bda" />
  </TestLists>
  <TestEntries>
    <TestEntry testId="5ff9e33a-afed-6760-fc84-29986a519b00" executionId="4410d185-b176-4f90-9944-9566dc5b1c87" testListId="8c84fa94-04c1-424b-9868-57a2d4851a1d" />
  </TestEntries>
  <Results>
    <UnitTestResult executionId="4410d185-b176-4f90-9944-9566dc5b1c87" testId="5ff9e33a-afed-6760-fc84-29986a519b00" testName="TestMethod" computerName="TRNLON11718" duration="00:00:00.0431498" startTime="2017-01-06T12:33:52.7905862+00:00" endTime="2017-01-06T12:33:53.3005862+00:00" testType="13cdc9d9-ddb5-4fa4-a97d-d965ccfc6d4b" outcome="Passed" testListId="8c84fa94-04c1-424b-9868-57a2d4851a1d" relativeResultsDirectory="4410d185-b176-4f90-9944-9566dc5b1c87">
    </UnitTestResult>
  </Results>
</TestRun>